
===========================================================================
 report_power
============================================================================
======================= Fastest Corner ===================================

Group                  Internal  Switching    Leakage      Total
                          Power      Power      Power      Power (Watts)
----------------------------------------------------------------
Sequential             1.72e-05   1.08e-05   3.23e-10   2.79e-05   6.9%
Combinational          1.53e-04   2.25e-04   3.64e-09   3.79e-04  93.1%
Clock                  0.00e+00   0.00e+00   1.47e-09   1.47e-09   0.0%
Macro                  0.00e+00   0.00e+00   0.00e+00   0.00e+00   0.0%
Pad                    0.00e+00   0.00e+00   0.00e+00   0.00e+00   0.0%
----------------------------------------------------------------
Total                  1.70e-04   2.36e-04   5.43e-09   4.06e-04 100.0%
                          41.9%      58.1%       0.0%

======================= Slowest Corner ===================================

Group                  Internal  Switching    Leakage      Total
                          Power      Power      Power      Power (Watts)
----------------------------------------------------------------
Sequential             1.22e-05   7.14e-06   2.62e-07   1.96e-05   6.8%
Combinational          1.15e-04   1.50e-04   2.16e-06   2.68e-04  93.2%
Clock                  0.00e+00   0.00e+00   1.47e-09   1.47e-09   0.0%
Macro                  0.00e+00   0.00e+00   0.00e+00   0.00e+00   0.0%
Pad                    0.00e+00   0.00e+00   0.00e+00   0.00e+00   0.0%
----------------------------------------------------------------
Total                  1.28e-04   1.57e-04   2.42e-06   2.87e-04 100.0%
                          44.4%      54.7%       0.8%

======================= Typical Corner ===================================

Group                  Internal  Switching    Leakage      Total
                          Power      Power      Power      Power (Watts)
----------------------------------------------------------------
Sequential             1.51e-05   9.07e-06   1.51e-10   2.41e-05   6.8%
Combinational          1.41e-04   1.91e-04   1.79e-09   3.32e-04  93.2%
Clock                  0.00e+00   0.00e+00   1.47e-09   1.47e-09   0.0%
Macro                  0.00e+00   0.00e+00   0.00e+00   0.00e+00   0.0%
Pad                    0.00e+00   0.00e+00   0.00e+00   0.00e+00   0.0%
----------------------------------------------------------------
Total                  1.56e-04   2.00e-04   3.42e-09   3.56e-04 100.0%
                          43.8%      56.2%       0.0%

