
===========================================================================
report_checks -unconstrained
===========================================================================
======================= Typical Corner ===================================

Startpoint: reset (input port clocked by __VIRTUAL_CLK__)
Endpoint: _914_ (rising edge-triggered flip-flop)
Path Group: unconstrained
Path Type: max

Fanout     Cap    Slew   Delay    Time   Description
-----------------------------------------------------------------------------
                          2.00    2.00 ^ input external delay
     1    0.00    0.02    0.01    2.01 ^ reset (in)
                                         reset (net)
                  0.02    0.00    2.01 ^ input2/A (sky130_fd_sc_hd__clkbuf_4)
     8    0.04    0.13    0.20    2.21 ^ input2/X (sky130_fd_sc_hd__clkbuf_4)
                                         net2 (net)
                  0.13    0.00    2.22 ^ _482_/A (sky130_fd_sc_hd__inv_2)
     5    0.01    0.05    0.07    2.28 v _482_/Y (sky130_fd_sc_hd__inv_2)
                                         _413_ (net)
                  0.05    0.00    2.28 v _494_/A (sky130_fd_sc_hd__or3_2)
     4    0.01    0.11    0.56    2.84 v _494_/X (sky130_fd_sc_hd__or3_2)
                                         _425_ (net)
                  0.11    0.00    2.84 v _679_/B (sky130_fd_sc_hd__or3_1)
     1    0.00    0.06    0.38    3.22 v _679_/X (sky130_fd_sc_hd__or3_1)
                                         _166_ (net)
                  0.06    0.00    3.22 v _680_/A (sky130_fd_sc_hd__clkbuf_4)
     9    0.02    0.06    0.18    3.40 v _680_/X (sky130_fd_sc_hd__clkbuf_4)
                                         _167_ (net)
                  0.06    0.00    3.40 v _681_/A2 (sky130_fd_sc_hd__a311o_1)
     1    0.00    0.06    0.34    3.73 v _681_/X (sky130_fd_sc_hd__a311o_1)
                                         _168_ (net)
                  0.06    0.00    3.73 v _682_/B1 (sky130_fd_sc_hd__o31a_1)
     1    0.00    0.05    0.11    3.84 v _682_/X (sky130_fd_sc_hd__o31a_1)
                                         _169_ (net)
                  0.05    0.00    3.84 v _683_/B1 (sky130_fd_sc_hd__o2bb2a_1)
     1    0.00    0.05    0.29    4.14 v _683_/X (sky130_fd_sc_hd__o2bb2a_1)
                                         _170_ (net)
                  0.05    0.00    4.14 v _684_/B1 (sky130_fd_sc_hd__o2bb2a_1)
     1    0.00    0.05    0.30    4.43 v _684_/X (sky130_fd_sc_hd__o2bb2a_1)
                                         _171_ (net)
                  0.05    0.00    4.43 v _685_/A1 (sky130_fd_sc_hd__mux2_1)
     1    0.00    0.06    0.31    4.74 v _685_/X (sky130_fd_sc_hd__mux2_1)
                                         _172_ (net)
                  0.06    0.00    4.74 v _686_/A (sky130_fd_sc_hd__clkbuf_1)
     1    0.00    0.03    0.10    4.84 v _686_/X (sky130_fd_sc_hd__clkbuf_1)
                                         _001_ (net)
                  0.03    0.00    4.84 v _914_/D (sky130_fd_sc_hd__dfxtp_1)
                                  4.84   data arrival time
-----------------------------------------------------------------------------
(Path is unconstrained)




===========================================================================
report_checks --slack_max -0.01
============================================================================
======================= Typical Corner ===================================

No paths found.


===========================================================================
 report_check_types -max_slew -max_cap -max_fanout -violators
============================================================================
======================= Typical Corner ===================================


max slew violations count Typical: 0
max fanout violations count Typical: 0
max cap violations count Typical: 0

===========================================================================
report_parasitic_annotation -report_unannotated
============================================================================
Found 500 unannotated drivers.
 clk
 reset
 _456_/Y
 _457_/Y
 _458_/X
 _459_/X
 _460_/X
 _461_/Y
 _462_/Y
 _463_/X
 _464_/X
 _465_/Y
 _466_/Y
 _467_/X
 _468_/X
 _469_/Y
 _470_/X
 _471_/X
 _472_/Y
 _473_/X
 _474_/X
 _475_/X
 _476_/Y
 _477_/X
 _478_/Y
 _479_/Y
 _480_/X
 _481_/X
 _482_/Y
 _483_/X
 _484_/Y
 _485_/Y
 _486_/X
 _487_/Y
 _488_/X
 _489_/X
 _490_/X
 _491_/X
 _492_/X
 _493_/Y
 _494_/X
 _495_/Y
 _496_/X
 _497_/Y
 _498_/X
 _499_/Y
 _500_/X
 _501_/X
 _502_/Y
 _503_/X
 _504_/X
 _505_/Y
 _506_/X
 _507_/Y
 _508_/Y
 _509_/X
 _510_/X
 _511_/X
 _512_/Y
 _513_/X
 _514_/X
 _515_/X
 _516_/X
 _517_/X
 _518_/X
 _519_/Y
 _520_/X
 _521_/X
 _522_/X
 _523_/X
 _524_/X
 _525_/X
 _526_/X
 _527_/X
 _528_/X
 _529_/X
 _530_/X
 _531_/Y
 _532_/X
 _533_/X
 _534_/Y
 _535_/X
 _536_/X
 _537_/X
 _538_/X
 _539_/X
 _540_/X
 _541_/Y
 _542_/X
 _543_/X
 _544_/X
 _545_/X
 _546_/X
 _547_/X
 _548_/X
 _549_/Y
 _550_/X
 _551_/Y
 _552_/X
 _553_/X
 _554_/X
 _555_/Y
 _556_/Y
 _557_/Y
 _558_/X
 _559_/X
 _560_/X
 _561_/X
 _562_/Y
 _563_/X
 _564_/X
 _565_/X
 _566_/X
 _567_/X
 _568_/X
 _569_/X
 _570_/Y
 _571_/X
 _572_/X
 _573_/X
 _574_/X
 _575_/Y
 _576_/X
 _577_/Y
 _578_/X
 _579_/X
 _580_/X
 _581_/X
 _582_/Y
 _583_/X
 _584_/X
 _585_/X
 _586_/Y
 _587_/X
 _588_/X
 _589_/X
 _590_/X
 _591_/X
 _592_/X
 _593_/Y
 _594_/X
 _595_/Y
 _596_/X
 _597_/X
 _598_/X
 _599_/Y
 _600_/Y
 _601_/X
 _602_/Y
 _603_/X
 _604_/X
 _605_/X
 _606_/X
 _607_/X
 _608_/X
 _609_/Y
 _610_/X
 _611_/X
 _612_/Y
 _613_/X
 _614_/X
 _615_/X
 _616_/X
 _617_/X
 _618_/X
 _619_/X
 _620_/X
 _621_/X
 _622_/X
 _623_/X
 _624_/Y
 _625_/X
 _626_/X
 _627_/X
 _628_/Y
 _629_/X
 _630_/X
 _631_/X
 _632_/X
 _633_/Y
 _634_/Y
 _635_/Y
 _636_/X
 _637_/Y
 _638_/Y
 _639_/Y
 _640_/Y
 _641_/X
 _642_/X
 _643_/X
 _644_/X
 _645_/X
 _646_/X
 _647_/X
 _648_/X
 _649_/X
 _650_/X
 _651_/X
 _652_/X
 _653_/X
 _654_/X
 _655_/X
 _656_/X
 _657_/X
 _658_/Y
 _659_/X
 _660_/X
 _661_/Y
 _662_/X
 _663_/X
 _664_/X
 _665_/X
 _666_/Y
 _667_/X
 _668_/X
 _669_/X
 _670_/Y
 _671_/X
 _672_/X
 _673_/X
 _674_/X
 _675_/Y
 _676_/Y
 _677_/Y
 _678_/Y
 _679_/X
 _680_/X
 _681_/X
 _682_/X
 _683_/X
 _684_/X
 _685_/X
 _686_/X
 _687_/Y
 _688_/X
 _689_/X
 _690_/Y
 _691_/Y
 _692_/Y
 _693_/Y
 _694_/X
 _695_/X
 _696_/X
 _697_/Y
 _698_/X
 _699_/X
 _700_/Y
 _701_/Y
 _702_/X
 _703_/Y
 _704_/Y
 _705_/Y
 _706_/Y
 _707_/Y
 _708_/X
 _709_/X
 _710_/Y
 _711_/X
 _712_/X
 _713_/X
 _714_/X
 _715_/Y
 _716_/X
 _717_/X
 _718_/Y
 _719_/Y
 _720_/Y
 _721_/X
 _722_/X
 _723_/Y
 _724_/Y
 _725_/Y
 _726_/Y
 _727_/X
 _728_/X
 _729_/X
 _730_/X
 _731_/X
 _732_/X
 _733_/Y
 _734_/X
 _735_/X
 _736_/X
 _737_/Y
 _738_/X
 _739_/X
 _740_/Y
 _741_/X
 _742_/X
 _743_/X
 _744_/X
 _745_/X
 _746_/Y
 _747_/X
 _748_/X
 _749_/X
 _750_/X
 _751_/X
 _752_/X
 _753_/X
 _754_/Y
 _755_/X
 _756_/X
 _757_/X
 _758_/X
 _759_/X
 _760_/Y
 _761_/Y
 _762_/X
 _763_/X
 _764_/X
 _765_/X
 _766_/X
 _767_/Y
 _768_/X
 _769_/Y
 _770_/X
 _771_/Y
 _772_/X
 _773_/X
 _774_/Y
 _775_/X
 _776_/X
 _777_/X
 _778_/X
 _779_/X
 _780_/X
 _781_/X
 _782_/Y
 _783_/X
 _784_/Y
 _785_/X
 _786_/X
 _787_/X
 _788_/X
 _789_/X
 _790_/X
 _791_/Y
 _792_/Y
 _793_/X
 _794_/X
 _795_/Y
 _796_/X
 _797_/X
 _798_/X
 _799_/Y
 _800_/X
 _801_/X
 _802_/X
 _803_/X
 _804_/X
 _805_/X
 _806_/X
 _807_/X
 _808_/X
 _809_/X
 _810_/X
 _811_/X
 _812_/X
 _813_/X
 _814_/X
 _815_/X
 _816_/X
 _817_/X
 _818_/Y
 _819_/X
 _820_/X
 _821_/X
 _822_/X
 _823_/X
 _824_/X
 _825_/X
 _826_/X
 _827_/Y
 _828_/X
 _829_/X
 _830_/X
 _831_/X
 _832_/X
 _833_/X
 _834_/X
 _835_/X
 _836_/X
 _837_/X
 _838_/X
 _839_/X
 _840_/X
 _841_/Y
 _842_/X
 _843_/X
 _844_/X
 _845_/Y
 _846_/X
 _847_/Y
 _848_/X
 _849_/X
 _850_/X
 _851_/X
 _852_/X
 _853_/X
 _854_/X
 _855_/X
 _856_/Y
 _857_/X
 _858_/X
 _859_/X
 _860_/X
 _861_/X
 _862_/X
 _863_/X
 _864_/X
 _865_/X
 _866_/X
 _867_/Y
 _868_/X
 _869_/X
 _870_/X
 _871_/X
 _872_/Y
 _873_/X
 _874_/X
 _875_/X
 _876_/X
 _877_/X
 _878_/X
 _879_/X
 _880_/X
 _881_/X
 _882_/Y
 _883_/X
 _884_/X
 _885_/Y
 _886_/X
 _887_/X
 _888_/X
 _889_/Y
 _890_/X
 _891_/Y
 _892_/X
 _893_/X
 _894_/Y
 _895_/X
 _896_/Y
 _897_/Y
 _898_/X
 _899_/Y
 _900_/X
 _901_/X
 _902_/X
 _903_/X
 _904_/Y
 _905_/X
 _906_/X
 _907_/Y
 _908_/X
 _909_/X
 _910_/X
 _911_/Y
 _912_/Q
 _913_/Q
 _914_/Q
 _915_/Q
 _916_/Q
 _917_/Q
 _918_/Q
 _919_/Q
 _920_/Q
 _921_/Q
 _922_/Q
 _923_/Q
 _924_/Q
 _925_/Q
 _926_/Q
 _927_/Q
 _928_/Q
 _929_/Q
 fanout21/X
 fanout22/X
 fanout23/X
 fanout24/X
 input1/X
 input2/X
 output10/X
 output11/X
 output12/X
 output13/X
 output14/X
 output15/X
 output16/X
 output17/X
 output18/X
 output19/X
 output20/X
 output3/X
 output4/X
 output5/X
 output6/X
 output7/X
 output8/X
 output9/X
Found 0 partially unannotated drivers.

===========================================================================
max slew violation count 0
max fanout violation count 0
max cap violation count 0
============================================================================

===========================================================================
check_setup -verbose -unconstrained_endpoints -multiple_clock -no_clock -no_input_delay -loops -generated_clocks
===========================================================================
Warning: There are 18 unclocked register/latch pins.
  _912_/CLK
  _913_/CLK
  _914_/CLK
  _915_/CLK
  _916_/CLK
  _917_/CLK
  _918_/CLK
  _919_/CLK
  _920_/CLK
  _921_/CLK
  _922_/CLK
  _923_/CLK
  _924_/CLK
  _925_/CLK
  _926_/CLK
  _927_/CLK
  _928_/CLK
  _929_/CLK
Warning: There are 36 unconstrained endpoints.
  ram_ready
  wr_addr[0]
  wr_addr[1]
  wr_addr[2]
  wr_addr[3]
  wr_addr[4]
  wr_addr[5]
  wr_addr[6]
  wr_addr[7]
  wr_data[0]
  wr_data[1]
  wr_data[2]
  wr_data[3]
  wr_data[4]
  wr_data[5]
  wr_data[6]
  wr_data[7]
  wr_enable
  _912_/D
  _913_/D
  _914_/D
  _915_/D
  _916_/D
  _917_/D
  _918_/D
  _919_/D
  _920_/D
  _921_/D
  _922_/D
  _923_/D
  _924_/D
  _925_/D
  _926_/D
  _927_/D
  _928_/D
  _929_/D
